[debug] [2026-07-16T08:37:45.197Z] ----------------------------------------------------------------------
[debug] [2026-07-16T08:37:45.199Z] Command:       /Users/peter/.nvm/versions/node/v22.19.0/bin/node /Users/peter/.nvm/versions/node/v22.19.0/bin/firebase deploy --only hosting
[debug] [2026-07-16T08:37:45.199Z] CLI Version:   15.17.0
[debug] [2026-07-16T08:37:45.199Z] Platform:      darwin
[debug] [2026-07-16T08:37:45.199Z] Node Version:  v22.19.0
[debug] [2026-07-16T08:37:45.200Z] Time:          Thu Jul 16 2026 10:37:45 GMT+0200 (Central European Summer Time)
[debug] [2026-07-16T08:37:45.200Z] ----------------------------------------------------------------------
[debug] 
[debug] [2026-07-16T08:37:46.473Z] > command requires scopes: ["email","openid","https://www.googleapis.com/auth/cloudplatformprojects.readonly","https://www.googleapis.com/auth/firebase","https://www.googleapis.com/auth/cloud-platform"]
[debug] [2026-07-16T08:37:46.473Z] > authorizing via signed-in user (petergallaroundemail@gmail.com)
[debug] [2026-07-16T08:37:46.473Z] [iam] checking project astro1-df340 for permissions ["firebase.projects.get","firebasehosting.sites.update"]
[debug] [2026-07-16T08:37:46.474Z] Checked if tokens are valid: true, expires at: 1784194658764
[debug] [2026-07-16T08:37:46.474Z] Checked if tokens are valid: true, expires at: 1784194658764
[debug] [2026-07-16T08:37:46.474Z] >>> [apiv2][query] POST https://cloudresourcemanager.googleapis.com/v1/projects/astro1-df340:testIamPermissions [none]
[debug] [2026-07-16T08:37:46.474Z] >>> [apiv2][(partial)header] POST https://cloudresourcemanager.googleapis.com/v1/projects/astro1-df340:testIamPermissions  x-goog-user-project=astro1-df340
[debug] [2026-07-16T08:37:46.474Z] >>> [apiv2][body] POST https://cloudresourcemanager.googleapis.com/v1/projects/astro1-df340:testIamPermissions {"permissions":["firebase.projects.get","firebasehosting.sites.update"]}
[debug] [2026-07-16T08:37:47.292Z] <<< [apiv2][status] POST https://cloudresourcemanager.googleapis.com/v1/projects/astro1-df340:testIamPermissions 200
[debug] [2026-07-16T08:37:47.292Z] <<< [apiv2][body] POST https://cloudresourcemanager.googleapis.com/v1/projects/astro1-df340:testIamPermissions {"permissions":["firebase.projects.get","firebasehosting.sites.update"]}
[debug] [2026-07-16T08:37:47.293Z] Checked if tokens are valid: true, expires at: 1784194658764
[debug] [2026-07-16T08:37:47.293Z] Checked if tokens are valid: true, expires at: 1784194658764
[debug] [2026-07-16T08:37:47.293Z] >>> [apiv2][query] GET https://firebase.googleapis.com/v1beta1/projects/astro1-df340 [none]
[debug] [2026-07-16T08:37:47.638Z] <<< [apiv2][status] GET https://firebase.googleapis.com/v1beta1/projects/astro1-df340 200
[debug] [2026-07-16T08:37:47.638Z] <<< [apiv2][body] GET https://firebase.googleapis.com/v1beta1/projects/astro1-df340 {"projectId":"astro1-df340","projectNumber":"562936426781","displayName":"Astro1","name":"projects/astro1-df340","resources":{"hostingSite":"astro1-df340"},"state":"ACTIVE","labels":{"firebase":"enabled"},"etag":"1_b581b956-2f3b-4ca3-aee5-9c2277e27a16"}
[info] 
[info] === Deploying to 'astro1-df340'...
[info] 
[info] i  deploying hosting 
[debug] [2026-07-16T08:37:47.640Z] Checked if tokens are valid: true, expires at: 1784194658764
[debug] [2026-07-16T08:37:47.640Z] Checked if tokens are valid: true, expires at: 1784194658764
[debug] [2026-07-16T08:37:47.640Z] >>> [apiv2][query] GET https://firebasehosting.googleapis.com/v1beta1/projects/astro1-df340/sites/astro1-df340 [none]
[debug] [2026-07-16T08:37:48.660Z] <<< [apiv2][status] GET https://firebasehosting.googleapis.com/v1beta1/projects/astro1-df340/sites/astro1-df340 200
[debug] [2026-07-16T08:37:48.660Z] <<< [apiv2][body] GET https://firebasehosting.googleapis.com/v1beta1/projects/astro1-df340/sites/astro1-df340 {"name":"projects/astro1-df340/sites/astro1-df340","defaultUrl":"https://astro1-df340.web.app","appId":"1:562936426781:web:c068f0cad1455e3c7e71f4","type":"DEFAULT_SITE"}
[debug] [2026-07-16T08:37:48.662Z] Checked if tokens are valid: true, expires at: 1784194658764
[debug] [2026-07-16T08:37:48.662Z] Checked if tokens are valid: true, expires at: 1784194658764
[debug] [2026-07-16T08:37:48.662Z] >>> [apiv2][query] POST https://firebasehosting.googleapis.com/v1beta1/projects/-/sites/astro1-df340/versions [none]
[debug] [2026-07-16T08:37:48.662Z] >>> [apiv2][body] POST https://firebasehosting.googleapis.com/v1beta1/projects/-/sites/astro1-df340/versions {"status":"CREATED","labels":{"deployment-tool":"cli-firebase"}}
